ten-minute bins: 143856
bins with raw_count 0: 34670 (24.1%)

hours formed: 23976
hours with all six bins: 23976
  raw_count >= 3600  (100%    )   9183   38.3%
  raw_count >= 3420  (95%     )  16221   67.7%
  raw_count >= 3240  (90%     )  16435   68.5%
  raw_count >= 2700  (75%     )  18029   75.2%
  raw_count >= 1800  (50%     )  18193   75.9%
  raw_count >= 1     (any data)  18215   76.0%

monthly completeness at the 90% bar
         hours  pass90   pct
month                       
2024-01    743     691  93.0
2024-02    696     654  94.0
2024-03    744     283  38.0
2024-04    720       0   0.0
2024-05    744     621  83.5
2024-06    720     641  89.0
2024-07    744     517  69.5
2024-08    744     684  91.9
2024-09    720     665  92.4
2024-10    744     290  39.0
2024-11    720       0   0.0
2024-12    744       0   0.0
2025-01    744       0   0.0
2025-02    672       0   0.0
2025-03    744       0   0.0
2025-04    720     514  71.4
2025-05    744     668  89.8
2025-06    720     632  87.8
2025-07    744     657  88.3
2025-08    744     670  90.1
2025-09    720     649  90.1
2025-10    744     650  87.4
2025-11    720     646  89.7
2025-12    744     669  89.9
2026-01    744     641  86.2
2026-02    672     596  88.7
2026-03    744     662  89.0
2026-04    720     599  83.2
2026-05    744     644  86.6
2026-06    720     645  89.6
2026-07    744     670  90.1
2026-08    744     651  87.5
2026-09    601     526  87.5
