2024-12-15  FLAGGED (status 3)   84147 samples
  GHI  min     -4.0  max   1121.6  mean    221.2
  DIR  min      0.0  max   6165.2  mean   4546.0
  DIF  min     -3.6  max    496.1  mean     64.4
  hourly mean GHI, UTC:
    23     -1.1  
    00     -0.7  
    01     -0.8  
    02     -0.7  
    03     -0.7  
    04     -0.7  
    05     -0.6  
    06     -0.6  
    07     -0.2  
    08     -0.4  
    09     -0.8  
    10     35.3  #
    11    195.7  #######
    12    442.1  #################
    13    634.7  #########################
    14    762.6  ##############################
    15    758.3  ##############################
    16    725.2  #############################
    17    707.8  ############################
    18    581.7  #######################
    19    315.0  ############
    20    170.8  ######
    21     16.5  
    22     -1.2  
    23     -0.9  

2025-06-15  CLEAN   (status 0)   79197 samples
  GHI  min     -3.3  max   1071.0  mean    312.9
  DIR  min     -0.4  max    711.2  mean    232.3
  DIF  min     -4.2  max    529.4  mean    127.3
  hourly mean GHI, UTC:
    20    210.2  ########
    21    102.1  ####
    02     -1.3  
    03     -1.1  
    04     -1.1  
    05     -0.8  
    06     -0.7  
    07     -0.7  
    08     -1.1  
    09      9.4  
    10    137.1  #####
    11    303.2  ############
    12    491.2  ###################
    13    738.5  #############################
    14    870.2  ##################################
    15    952.0  ######################################
    16    940.9  #####################################
    17    794.7  ###############################
    18    694.3  ###########################
    19    471.3  ##################
    20    259.2  ##########
    21     89.9  ###
    22      4.8  
    23     -1.1  
