data/forecasts/ecmwf_ifs025/2024Q1.csv ok
data/forecasts/ecmwf_ifs025/2024Q2.csv ok
data/forecasts/ecmwf_ifs025/2024Q3.csv ok
data/forecasts/ecmwf_ifs025/2024Q4.csv ok
data/forecasts/ecmwf_ifs025/2025Q1.csv ok
data/forecasts/ecmwf_ifs025/2025Q2.csv ok
data/forecasts/ecmwf_ifs025/2025Q3.csv ok
data/forecasts/ecmwf_ifs025/2025Q4.csv ok
data/forecasts/ecmwf_ifs025/2026Q1.csv ok
data/forecasts/ecmwf_ifs025/2026Q2.csv ok
data/forecasts/ecmwf_ifs025/2026Q3.csv ok
data/forecasts/gem_seamless/2024Q1.csv ok
data/forecasts/gem_seamless/2024Q2.csv ok
data/forecasts/gem_seamless/2024Q3.csv ok
data/forecasts/gem_seamless/2024Q4.csv ok
data/forecasts/gem_seamless/2025Q1.csv ok
data/forecasts/gem_seamless/2025Q2.csv ok
data/forecasts/gem_seamless/2025Q3.csv ok
data/forecasts/gem_seamless/2025Q4.csv ok
data/forecasts/gem_seamless/2026Q1.csv ok
data/forecasts/gem_seamless/2026Q2.csv ok
data/forecasts/gem_seamless/2026Q3.csv ok
data/forecasts/gfs_seamless/2023Q4.csv ok
data/forecasts/gfs_seamless/2024Q1.csv ok
data/forecasts/gfs_seamless/2024Q2.csv ok
data/forecasts/gfs_seamless/2024Q3.csv ok
data/forecasts/gfs_seamless/2024Q4.csv ok
data/forecasts/gfs_seamless/2025Q1.csv ok
data/forecasts/gfs_seamless/2025Q2.csv ok
data/forecasts/gfs_seamless/2025Q3.csv ok
data/forecasts/gfs_seamless/2025Q4.csv ok
data/forecasts/gfs_seamless/2026Q1.csv ok
data/forecasts/gfs_seamless/2026Q2.csv ok
data/forecasts/gfs_seamless/2026Q3.csv ok
data/forecasts/icon_seamless/2024Q1.csv ok
data/forecasts/icon_seamless/2024Q2.csv ok
data/forecasts/icon_seamless/2024Q3.csv ok
data/forecasts/icon_seamless/2024Q4.csv ok
data/forecasts/icon_seamless/2025Q1.csv ok
data/forecasts/icon_seamless/2025Q2.csv ok
data/forecasts/icon_seamless/2025Q3.csv ok
data/forecasts/icon_seamless/2025Q4.csv ok
data/forecasts/icon_seamless/2026Q1.csv ok
data/forecasts/icon_seamless/2026Q2.csv ok
data/forecasts/icon_seamless/2026Q3.csv ok
data/forecasts/jma_seamless/2023Q4.csv ok
data/forecasts/jma_seamless/2024Q1.csv ok
data/forecasts/jma_seamless/2024Q2.csv ok
data/forecasts/jma_seamless/2024Q3.csv ok
data/forecasts/jma_seamless/2024Q4.csv ok
data/forecasts/jma_seamless/2025Q1.csv ok
data/forecasts/jma_seamless/2025Q2.csv ok
data/forecasts/jma_seamless/2025Q3.csv ok
data/forecasts/jma_seamless/2025Q4.csv ok
data/forecasts/jma_seamless/2026Q1.csv ok
data/forecasts/jma_seamless/2026Q2.csv ok
data/forecasts/jma_seamless/2026Q3.csv ok
data/forecasts/meteofrance_seamless/2024Q1.csv ok
data/forecasts/meteofrance_seamless/2024Q2.csv ok
data/forecasts/meteofrance_seamless/2024Q3.csv ok
data/forecasts/meteofrance_seamless/2024Q4.csv ok
data/forecasts/meteofrance_seamless/2025Q1.csv ok
data/forecasts/meteofrance_seamless/2025Q2.csv ok
data/forecasts/meteofrance_seamless/2025Q3.csv ok
data/forecasts/meteofrance_seamless/2025Q4.csv ok
data/forecasts/meteofrance_seamless/2026Q1.csv ok
data/forecasts/meteofrance_seamless/2026Q2.csv ok
data/forecasts/meteofrance_seamless/2026Q3.csv ok
