Measuring the first complete day for 201 combinations.
Definition: 24 of 24 hourly values non-null.

model                   variable                  ld  estimate    complete    note
--------------------------------------------------------------------------------------------------------
ecmwf_ifs025            temperature_2m            1   2024-02-04  2024-02-04  first 24/24 at the estimate
ecmwf_ifs025            temperature_2m            2   2024-02-04  2024-02-05  first 24/24 at +1 d from the scan start
ecmwf_ifs025            temperature_2m            3   2024-02-04  2024-02-06  first 24/24 at +2 d from the scan start
ecmwf_ifs025            temperature_2m            4   2024-02-04  2024-02-07  first 24/24 at +3 d from the scan start
ecmwf_ifs025            temperature_2m            5   2024-02-04  2024-02-08  first 24/24 at +4 d from the scan start
ecmwf_ifs025            temperature_2m            6   2024-02-04  2024-02-09  first 24/24 at +5 d from the scan start
ecmwf_ifs025            temperature_2m            7   2024-02-04  2024-02-10  first 24/24 at +6 d from the scan start
ecmwf_ifs025            precipitation             1   2024-02-04  2024-02-04  first 24/24 at the estimate
ecmwf_ifs025            precipitation             2   2024-02-04  2024-02-05  first 24/24 at +1 d from the scan start
ecmwf_ifs025            precipitation             3   2024-02-04  2024-02-06  first 24/24 at +2 d from the scan start
ecmwf_ifs025            precipitation             4   2024-02-04  2024-02-07  first 24/24 at +3 d from the scan start
ecmwf_ifs025            precipitation             5   2024-02-04  2024-02-08  first 24/24 at +4 d from the scan start
ecmwf_ifs025            precipitation             6   2024-02-04  2024-02-09  first 24/24 at +5 d from the scan start
ecmwf_ifs025            precipitation             7   2024-02-04  2024-02-10  first 24/24 at +6 d from the scan start
ecmwf_ifs025            shortwave_radiation       1   2024-03-06  2024-03-07  first 24/24 at +1 d from the scan start
ecmwf_ifs025            shortwave_radiation       2   2024-03-07  2024-03-08  first 24/24 at +1 d from the scan start
ecmwf_ifs025            shortwave_radiation       3   2024-03-08  2024-03-09  first 24/24 at +1 d from the scan start
ecmwf_ifs025            shortwave_radiation       4   2024-03-09  2024-03-10  first 24/24 at +1 d from the scan start
ecmwf_ifs025            shortwave_radiation       5   2024-03-10  2024-03-11  first 24/24 at +1 d from the scan start
ecmwf_ifs025            shortwave_radiation       6   2024-03-11  2024-03-12  first 24/24 at +1 d from the scan start
ecmwf_ifs025            shortwave_radiation       7   2024-03-12  2024-03-13  first 24/24 at +1 d from the scan start
ecmwf_ifs025            direct_normal_irradiance  1   2024-03-06  2024-03-07  first 24/24 at +1 d from the scan start
ecmwf_ifs025            direct_normal_irradiance  2   2024-03-07  2024-03-08  first 24/24 at +1 d from the scan start
ecmwf_ifs025            direct_normal_irradiance  3   2024-03-08  2024-03-09  first 24/24 at +1 d from the scan start
ecmwf_ifs025            direct_normal_irradiance  4   2024-03-09  2024-03-10  first 24/24 at +1 d from the scan start
ecmwf_ifs025            direct_normal_irradiance  5   2024-03-10  2024-03-11  first 24/24 at +1 d from the scan start
ecmwf_ifs025            direct_normal_irradiance  6   2024-03-11  2024-03-12  first 24/24 at +1 d from the scan start
ecmwf_ifs025            direct_normal_irradiance  7   2024-03-12  2024-03-13  first 24/24 at +1 d from the scan start
ecmwf_ifs025            diffuse_radiation         1   2024-03-06  2024-03-07  first 24/24 at +1 d from the scan start
ecmwf_ifs025            diffuse_radiation         2   2024-03-07  2024-03-08  first 24/24 at +1 d from the scan start
ecmwf_ifs025            diffuse_radiation         3   2024-03-08  2024-03-09  first 24/24 at +1 d from the scan start
ecmwf_ifs025            diffuse_radiation         4   2024-03-09  2024-03-10  first 24/24 at +1 d from the scan start
ecmwf_ifs025            diffuse_radiation         5   2024-03-10  2024-03-11  first 24/24 at +1 d from the scan start
ecmwf_ifs025            diffuse_radiation         6   2024-03-11  2024-03-12  first 24/24 at +1 d from the scan start
ecmwf_ifs025            diffuse_radiation         7   2024-03-12  2024-03-13  first 24/24 at +1 d from the scan start
ecmwf_ifs025            cloud_cover               1   2024-02-04  2024-02-04  first 24/24 at the estimate
ecmwf_ifs025            cloud_cover               2   2024-02-04  2024-02-05  first 24/24 at +1 d from the scan start
ecmwf_ifs025            cloud_cover               3   2024-02-04  2024-02-06  first 24/24 at +2 d from the scan start
ecmwf_ifs025            cloud_cover               4   2024-02-04  2024-02-07  first 24/24 at +3 d from the scan start
ecmwf_ifs025            cloud_cover               5   2024-02-04  2024-02-08  first 24/24 at +4 d from the scan start
ecmwf_ifs025            cloud_cover               6   2024-02-04  2024-02-09  first 24/24 at +5 d from the scan start
ecmwf_ifs025            cloud_cover               7   2024-02-04  2024-02-10  first 24/24 at +6 d from the scan start
gfs_seamless            temperature_2m            1   2021-03-24  2023-12-02  complete at or before 2023-12-02, the scan floor; earlier than the frozen window, which binds
gfs_seamless            temperature_2m            2   2021-03-24  2023-12-02  complete at or before 2023-12-02, the scan floor; earlier than the frozen window, which binds
gfs_seamless            temperature_2m            3   2021-03-24  2023-12-02  complete at or before 2023-12-02, the scan floor; earlier than the frozen window, which binds
gfs_seamless            temperature_2m            4   2021-03-24  2023-12-02  complete at or before 2023-12-02, the scan floor; earlier than the frozen window, which binds
gfs_seamless            temperature_2m            5   2021-03-24  2023-12-02  complete at or before 2023-12-02, the scan floor; earlier than the frozen window, which binds
gfs_seamless            temperature_2m            6   2021-03-24  2023-12-02  complete at or before 2023-12-02, the scan floor; earlier than the frozen window, which binds
gfs_seamless            temperature_2m            7   2021-03-24  2023-12-02  complete at or before 2023-12-02, the scan floor; earlier than the frozen window, which binds
gfs_seamless            precipitation             1   2024-01-19  2024-01-20  first 24/24 at +1 d from the scan start
gfs_seamless            precipitation             2   2024-01-20  2024-01-21  first 24/24 at +1 d from the scan start
gfs_seamless            precipitation             3   2024-01-21  2024-01-22  first 24/24 at +1 d from the scan start
gfs_seamless            precipitation             4   2024-01-22  2024-01-23  first 24/24 at +1 d from the scan start
gfs_seamless            precipitation             5   2024-01-23  2024-01-24  first 24/24 at +1 d from the scan start
gfs_seamless            precipitation             6   2024-01-24  2024-01-25  first 24/24 at +1 d from the scan start
gfs_seamless            precipitation             7   2024-01-25  2024-01-26  first 24/24 at +1 d from the scan start
gfs_seamless            shortwave_radiation       1   2024-01-19  2024-01-20  first 24/24 at +1 d from the scan start
gfs_seamless            shortwave_radiation       2   2024-01-20  2024-01-21  first 24/24 at +1 d from the scan start
gfs_seamless            shortwave_radiation       3   2024-01-21  2024-01-22  first 24/24 at +1 d from the scan start
gfs_seamless            shortwave_radiation       4   2024-01-22  2024-01-23  first 24/24 at +1 d from the scan start
gfs_seamless            shortwave_radiation       5   2024-01-23  2024-01-24  first 24/24 at +1 d from the scan start
gfs_seamless            shortwave_radiation       6   2024-01-24  2024-01-25  first 24/24 at +1 d from the scan start
gfs_seamless            shortwave_radiation       7   2024-01-25  2024-01-26  first 24/24 at +1 d from the scan start
gfs_seamless            direct_normal_irradiance  1   2024-01-19  2024-01-20  first 24/24 at +1 d from the scan start
gfs_seamless            direct_normal_irradiance  2   2024-01-20  2024-01-21  first 24/24 at +1 d from the scan start
gfs_seamless            direct_normal_irradiance  3   2024-01-21  2024-01-22  first 24/24 at +1 d from the scan start
gfs_seamless            direct_normal_irradiance  4   2024-01-22  2024-01-23  first 24/24 at +1 d from the scan start
gfs_seamless            direct_normal_irradiance  5   2024-01-23  2024-01-24  first 24/24 at +1 d from the scan start
gfs_seamless            direct_normal_irradiance  6   2024-01-24  2024-01-25  first 24/24 at +1 d from the scan start
gfs_seamless            direct_normal_irradiance  7   2024-01-25  2024-01-26  first 24/24 at +1 d from the scan start
gfs_seamless            diffuse_radiation         1   2024-01-19  2024-01-20  first 24/24 at +1 d from the scan start
gfs_seamless            diffuse_radiation         2   2024-01-20  2024-01-21  first 24/24 at +1 d from the scan start
gfs_seamless            diffuse_radiation         3   2024-01-21  2024-01-22  first 24/24 at +1 d from the scan start
gfs_seamless            diffuse_radiation         4   2024-01-22  2024-01-23  first 24/24 at +1 d from the scan start
gfs_seamless            diffuse_radiation         5   2024-01-23  2024-01-24  first 24/24 at +1 d from the scan start
gfs_seamless            diffuse_radiation         6   2024-01-24  2024-01-25  first 24/24 at +1 d from the scan start
gfs_seamless            diffuse_radiation         7   2024-01-25  2024-01-26  first 24/24 at +1 d from the scan start
gfs_seamless            cloud_cover               1   2024-01-19  2024-01-20  first 24/24 at +1 d from the scan start
gfs_seamless            cloud_cover               2   2024-01-20  2024-01-21  first 24/24 at +1 d from the scan start
gfs_seamless            cloud_cover               3   2024-01-21  2024-01-22  first 24/24 at +1 d from the scan start
gfs_seamless            cloud_cover               4   2024-01-22  2024-01-23  first 24/24 at +1 d from the scan start
gfs_seamless            cloud_cover               5   2024-01-23  2024-01-24  first 24/24 at +1 d from the scan start
gfs_seamless            cloud_cover               6   2024-01-24  2024-01-25  first 24/24 at +1 d from the scan start
gfs_seamless            cloud_cover               7   2024-01-25  2024-01-26  first 24/24 at +1 d from the scan start
icon_seamless           temperature_2m            1   2024-01-19  2024-01-20  first 24/24 at +1 d from the scan start
icon_seamless           temperature_2m            2   2024-01-19  2024-01-21  first 24/24 at +2 d from the scan start
icon_seamless           temperature_2m            3   2024-01-19  2024-01-22  first 24/24 at +3 d from the scan start
icon_seamless           temperature_2m            4   2024-01-19  2024-01-23  first 24/24 at +4 d from the scan start
icon_seamless           temperature_2m            5   2024-01-19  2024-01-24  first 24/24 at +5 d from the scan start
icon_seamless           temperature_2m            6   2024-01-19  2024-01-25  first 24/24 at +6 d from the scan start
icon_seamless           precipitation             1   2024-01-19  2024-01-20  first 24/24 at +1 d from the scan start
icon_seamless           precipitation             2   2024-01-19  2024-01-21  first 24/24 at +2 d from the scan start
icon_seamless           precipitation             3   2024-01-19  2024-01-22  first 24/24 at +3 d from the scan start
icon_seamless           precipitation             4   2024-01-19  2024-01-23  first 24/24 at +4 d from the scan start
icon_seamless           precipitation             5   2024-01-19  2024-01-24  first 24/24 at +5 d from the scan start
icon_seamless           precipitation             6   2024-01-19  2024-01-25  first 24/24 at +6 d from the scan start
icon_seamless           shortwave_radiation       1   2024-01-19  2024-01-20  first 24/24 at +1 d from the scan start
icon_seamless           shortwave_radiation       2   2024-01-19  2024-01-21  first 24/24 at +2 d from the scan start
icon_seamless           shortwave_radiation       3   2024-01-19  2024-01-22  first 24/24 at +3 d from the scan start
icon_seamless           shortwave_radiation       4   2024-01-19  2024-01-23  first 24/24 at +4 d from the scan start
icon_seamless           shortwave_radiation       5   2024-01-19  2024-01-24  first 24/24 at +5 d from the scan start
icon_seamless           shortwave_radiation       6   2024-01-19  2024-01-25  first 24/24 at +6 d from the scan start
icon_seamless           direct_normal_irradiance  1   2024-01-19  2024-01-20  first 24/24 at +1 d from the scan start
icon_seamless           direct_normal_irradiance  2   2024-01-19  2024-01-21  first 24/24 at +2 d from the scan start
icon_seamless           direct_normal_irradiance  3   2024-01-19  2024-01-22  first 24/24 at +3 d from the scan start
icon_seamless           direct_normal_irradiance  4   2024-01-19  2024-01-23  first 24/24 at +4 d from the scan start
icon_seamless           direct_normal_irradiance  5   2024-01-19  2024-01-24  first 24/24 at +5 d from the scan start
icon_seamless           direct_normal_irradiance  6   2024-01-19  2024-01-25  first 24/24 at +6 d from the scan start
icon_seamless           diffuse_radiation         1   2024-01-19  2024-01-20  first 24/24 at +1 d from the scan start
icon_seamless           diffuse_radiation         2   2024-01-19  2024-01-21  first 24/24 at +2 d from the scan start
icon_seamless           diffuse_radiation         3   2024-01-19  2024-01-22  first 24/24 at +3 d from the scan start
icon_seamless           diffuse_radiation         4   2024-01-19  2024-01-23  first 24/24 at +4 d from the scan start
icon_seamless           diffuse_radiation         5   2024-01-19  2024-01-24  first 24/24 at +5 d from the scan start
icon_seamless           diffuse_radiation         6   2024-01-19  2024-01-25  first 24/24 at +6 d from the scan start
icon_seamless           cloud_cover               1   2024-01-19  2024-01-20  first 24/24 at +1 d from the scan start
icon_seamless           cloud_cover               2   2024-01-19  2024-01-21  first 24/24 at +2 d from the scan start
icon_seamless           cloud_cover               3   2024-01-19  2024-01-22  first 24/24 at +3 d from the scan start
icon_seamless           cloud_cover               4   2024-01-19  2024-01-23  first 24/24 at +4 d from the scan start
icon_seamless           cloud_cover               5   2024-01-19  2024-01-24  first 24/24 at +5 d from the scan start
icon_seamless           cloud_cover               6   2024-01-19  2024-01-25  first 24/24 at +6 d from the scan start
gem_seamless            temperature_2m            1   2024-01-19  2024-01-20  first 24/24 at +1 d from the scan start
gem_seamless            temperature_2m            2   2024-01-19  2024-01-21  first 24/24 at +2 d from the scan start
gem_seamless            temperature_2m            3   2024-01-19  2024-01-22  first 24/24 at +3 d from the scan start
gem_seamless            temperature_2m            4   2024-01-19  2024-01-23  first 24/24 at +4 d from the scan start
gem_seamless            temperature_2m            5   2024-01-19  2024-01-24  first 24/24 at +5 d from the scan start
gem_seamless            temperature_2m            6   2024-01-19  2024-01-25  first 24/24 at +6 d from the scan start
gem_seamless            temperature_2m            7   2024-01-19  2024-01-26  first 24/24 at +7 d from the scan start
gem_seamless            precipitation             1   2024-01-19  2024-01-20  first 24/24 at +1 d from the scan start
gem_seamless            precipitation             2   2024-01-19  2024-01-21  first 24/24 at +2 d from the scan start
gem_seamless            precipitation             3   2024-01-19  2024-01-22  first 24/24 at +3 d from the scan start
gem_seamless            precipitation             4   2024-01-19  2024-01-23  first 24/24 at +4 d from the scan start
gem_seamless            precipitation             5   2024-01-19  2024-01-24  first 24/24 at +5 d from the scan start
gem_seamless            precipitation             6   2024-01-19  2024-01-25  first 24/24 at +6 d from the scan start
gem_seamless            precipitation             7   2024-01-19  2024-01-26  first 24/24 at +7 d from the scan start
gem_seamless            shortwave_radiation       1   2024-01-19  2024-01-20  first 24/24 at +1 d from the scan start
gem_seamless            shortwave_radiation       2   2024-01-19  2024-01-21  first 24/24 at +2 d from the scan start
gem_seamless            shortwave_radiation       3   2024-01-19  2024-01-22  first 24/24 at +3 d from the scan start
gem_seamless            shortwave_radiation       4   2024-01-19  2024-01-23  first 24/24 at +4 d from the scan start
gem_seamless            shortwave_radiation       5   2024-01-19  2024-01-24  first 24/24 at +5 d from the scan start
gem_seamless            shortwave_radiation       6   2024-01-19  2024-01-25  first 24/24 at +6 d from the scan start
gem_seamless            shortwave_radiation       7   2024-01-19  2024-01-26  first 24/24 at +7 d from the scan start
gem_seamless            direct_normal_irradiance  1   2024-01-19  2024-01-20  first 24/24 at +1 d from the scan start
gem_seamless            direct_normal_irradiance  2   2024-01-19  2024-01-21  first 24/24 at +2 d from the scan start
gem_seamless            direct_normal_irradiance  3   2024-01-19  2024-01-22  first 24/24 at +3 d from the scan start
gem_seamless            direct_normal_irradiance  4   2024-01-19  2024-01-23  first 24/24 at +4 d from the scan start
gem_seamless            direct_normal_irradiance  5   2024-01-19  2024-01-24  first 24/24 at +5 d from the scan start
gem_seamless            direct_normal_irradiance  6   2024-01-19  2024-01-25  first 24/24 at +6 d from the scan start
gem_seamless            direct_normal_irradiance  7   2024-01-19  2024-01-26  first 24/24 at +7 d from the scan start
gem_seamless            diffuse_radiation         1   2024-01-19  2024-01-20  first 24/24 at +1 d from the scan start
gem_seamless            diffuse_radiation         2   2024-01-19  2024-01-21  first 24/24 at +2 d from the scan start
gem_seamless            diffuse_radiation         3   2024-01-19  2024-01-22  first 24/24 at +3 d from the scan start
gem_seamless            diffuse_radiation         4   2024-01-19  2024-01-23  first 24/24 at +4 d from the scan start
gem_seamless            diffuse_radiation         5   2024-01-19  2024-01-24  first 24/24 at +5 d from the scan start
gem_seamless            diffuse_radiation         6   2024-01-19  2024-01-25  first 24/24 at +6 d from the scan start
gem_seamless            diffuse_radiation         7   2024-01-19  2024-01-26  first 24/24 at +7 d from the scan start
gem_seamless            cloud_cover               1   2024-01-19  2024-01-20  first 24/24 at +1 d from the scan start
gem_seamless            cloud_cover               2   2024-01-19  2024-01-21  first 24/24 at +2 d from the scan start
gem_seamless            cloud_cover               3   2024-01-19  2024-01-22  first 24/24 at +3 d from the scan start
gem_seamless            cloud_cover               4   2024-01-19  2024-01-23  first 24/24 at +4 d from the scan start
gem_seamless            cloud_cover               5   2024-01-19  2024-01-24  first 24/24 at +5 d from the scan start
gem_seamless            cloud_cover               6   2024-01-19  2024-01-25  first 24/24 at +6 d from the scan start
gem_seamless            cloud_cover               7   2024-01-19  2024-01-26  first 24/24 at +7 d from the scan start
meteofrance_seamless    temperature_2m            1   2024-01-19  2024-01-20  first 24/24 at +1 d from the scan start
meteofrance_seamless    temperature_2m            2   2024-01-19  2024-01-21  first 24/24 at +2 d from the scan start
meteofrance_seamless    temperature_2m            3   2024-01-19  2024-01-22  first 24/24 at +3 d from the scan start
meteofrance_seamless    precipitation             1   2024-01-19  2024-01-20  first 24/24 at +1 d from the scan start
meteofrance_seamless    precipitation             2   2024-01-19  2024-01-21  first 24/24 at +2 d from the scan start
meteofrance_seamless    precipitation             3   2024-01-19  2024-01-22  first 24/24 at +3 d from the scan start
meteofrance_seamless    shortwave_radiation       1   2024-01-19  2024-01-20  first 24/24 at +1 d from the scan start
meteofrance_seamless    shortwave_radiation       2   2024-01-19  2024-01-21  first 24/24 at +2 d from the scan start
meteofrance_seamless    shortwave_radiation       3   2024-01-19  2024-01-22  first 24/24 at +3 d from the scan start
meteofrance_seamless    direct_normal_irradiance  1   2024-01-19  2024-01-20  first 24/24 at +1 d from the scan start
meteofrance_seamless    direct_normal_irradiance  2   2024-01-19  2024-01-21  first 24/24 at +2 d from the scan start
meteofrance_seamless    direct_normal_irradiance  3   2024-01-19  2024-01-22  first 24/24 at +3 d from the scan start
meteofrance_seamless    diffuse_radiation         1   2024-01-19  2024-01-20  first 24/24 at +1 d from the scan start
meteofrance_seamless    diffuse_radiation         2   2024-01-19  2024-01-21  first 24/24 at +2 d from the scan start
meteofrance_seamless    diffuse_radiation         3   2024-01-19  2024-01-22  first 24/24 at +3 d from the scan start
meteofrance_seamless    cloud_cover               1   2024-01-19  2024-01-20  first 24/24 at +1 d from the scan start
meteofrance_seamless    cloud_cover               2   2024-01-19  2024-01-21  first 24/24 at +2 d from the scan start
meteofrance_seamless    cloud_cover               3   2024-01-19  2024-01-22  first 24/24 at +3 d from the scan start
jma_seamless            temperature_2m            1   2021-01-01  2023-12-02  complete at or before 2023-12-02, the scan floor; earlier than the frozen window, which binds
jma_seamless            temperature_2m            2   2021-01-01  2023-12-02  complete at or before 2023-12-02, the scan floor; earlier than the frozen window, which binds
jma_seamless            temperature_2m            3   2021-01-01  2023-12-02  complete at or before 2023-12-02, the scan floor; earlier than the frozen window, which binds
jma_seamless            temperature_2m            4   2021-01-01  2023-12-02  complete at or before 2023-12-02, the scan floor; earlier than the frozen window, which binds
jma_seamless            temperature_2m            5   2021-01-01  2023-12-02  complete at or before 2023-12-02, the scan floor; earlier than the frozen window, which binds
jma_seamless            temperature_2m            6   2021-01-01  2023-12-02  complete at or before 2023-12-02, the scan floor; earlier than the frozen window, which binds
jma_seamless            temperature_2m            7   2021-01-01  2023-12-02  complete at or before 2023-12-02, the scan floor; earlier than the frozen window, which binds
jma_seamless            precipitation             1   2021-01-01  2023-12-02  complete at or before 2023-12-02, the scan floor; earlier than the frozen window, which binds
jma_seamless            precipitation             2   2021-01-01  2023-12-02  complete at or before 2023-12-02, the scan floor; earlier than the frozen window, which binds
jma_seamless            precipitation             3   2021-01-01  2023-12-02  complete at or before 2023-12-02, the scan floor; earlier than the frozen window, which binds
jma_seamless            precipitation             4   2021-01-01  2023-12-02  complete at or before 2023-12-02, the scan floor; earlier than the frozen window, which binds
jma_seamless            precipitation             5   2021-01-01  2023-12-02  complete at or before 2023-12-02, the scan floor; earlier than the frozen window, which binds
jma_seamless            precipitation             6   2021-01-01  2023-12-02  complete at or before 2023-12-02, the scan floor; earlier than the frozen window, which binds
jma_seamless            precipitation             7   2021-01-01  2023-12-02  complete at or before 2023-12-02, the scan floor; earlier than the frozen window, which binds
jma_seamless            cloud_cover               1   2021-01-01  2023-12-02  complete at or before 2023-12-02, the scan floor; earlier than the frozen window, which binds
jma_seamless            cloud_cover               2   2021-01-01  2023-12-02  complete at or before 2023-12-02, the scan floor; earlier than the frozen window, which binds
jma_seamless            cloud_cover               3   2021-01-01  2023-12-02  complete at or before 2023-12-02, the scan floor; earlier than the frozen window, which binds
jma_seamless            cloud_cover               4   2021-01-01  2023-12-02  complete at or before 2023-12-02, the scan floor; earlier than the frozen window, which binds
jma_seamless            cloud_cover               5   2021-01-01  2023-12-02  complete at or before 2023-12-02, the scan floor; earlier than the frozen window, which binds
jma_seamless            cloud_cover               6   2021-01-01  2023-12-02  complete at or before 2023-12-02, the scan floor; earlier than the frozen window, which binds
jma_seamless            cloud_cover               7   2021-01-01  2023-12-02  complete at or before 2023-12-02, the scan floor; earlier than the frozen window, which binds

VERIFIED EFFECTIVE START BY VARIABLE AND LEAD  (carriers in [])
variable                  L1           L2           L3           L4           L5           L6           L7           
temperature_2m            02-04[6]     02-05[6]     02-06[6]     02-07[5]     02-08[5]     02-09[5]     02-10[4]     
precipitation             02-04[6]     02-05[6]     02-06[6]     02-07[5]     02-08[5]     02-09[5]     02-10[4]     
shortwave_radiation       03-07[5]     03-08[5]     03-09[5]     03-10[4]     03-11[4]     03-12[4]     03-13[3]     
direct_normal_irradiance  03-07[5]     03-08[5]     03-09[5]     03-10[4]     03-11[4]     03-12[4]     03-13[3]     
diffuse_radiation         03-07[5]     03-08[5]     03-09[5]     03-10[4]     03-11[4]     03-12[4]     03-13[3]     
cloud_cover               02-04[6]     02-05[6]     02-06[6]     02-07[5]     02-08[5]     02-09[5]     02-10[4]     

Latest effective start: 2024-03-13   Earliest: 2024-02-04
Shortest window: 931 days of the frozen period.

Wrote data/raw/archive_variable_matrix_v3.csv
      data/raw/effective_window_by_variable_lead_v3.csv
Every value measured. Nothing assigned, nothing derived.
